app/dashboard/admin/page-backup.tsx(1,1): error TS1435: Unknown keyword or identifier. Did you mean 'this'?
app/dashboard/admin/page-backup.tsx(1,6): error TS1228: A type predicate is only allowed in return type position for functions and methods.
app/dashboard/admin/page-backup.tsx(1,9): error TS1434: Unexpected keyword or identifier.
app/dashboard/admin/page-backup.tsx(1,11): error TS1434: Unexpected keyword or identifier.
app/dashboard/admin/page-backup.tsx(1,28): error TS1005: ';' expected.
app/dashboard/admin/page-backup.tsx(1,36): error TS1434: Unexpected keyword or identifier.
app/dashboard/admin/page-backup.tsx(1,42): error TS1434: Unexpected keyword or identifier.
app/dashboard/admin/page-backup.tsx(1,47): error TS1434: Unexpected keyword or identifier.
app/dashboard/admin/page-backup.tsx(1,51): error TS1434: Unexpected keyword or identifier.
app/dashboard/admin/page-backup.tsx(1,64): error TS1003: Identifier expected.
